// Jest Snapshot v1, https://goo.gl/fbAQLP

exports[`Pruebas en el nombre del coponente  debe de hacer match con el snapshot 1`] = `
<div>
  <div
    class="card"
  >
    <img
      alt="Gerardo"
      src="https://gera.com/loquesea.jpg"
    />
    <p>
      Gerardo
    </p>
  </div>
</div>
`;
